resume: checkpoints/ckpt.pkl (step=70)
veri: 136 diyalog, 2691 pencere (train 2422, val 269) | blok=48
adam durumu yuklendi
model: 83,520 parametre | d=48 katman=2x2 ffn=192
adim   75/150 | loss 3.0409 | lr 6.68e-04 | |g| 1.437 | 22.9s
         val loss 3.1456
adim   80/150 | loss 3.2253 | lr 6.15e-04 | |g| 1.469 | 42.4s
         checkpoint -> checkpoints/ckpt.pkl
adim   85/150 | loss 3.0348 | lr 5.61e-04 | |g| 1.292 | 45.3s
adim   90/150 | loss 3.0049 | lr 5.07e-04 | |g| 1.279 | 22.5s
         checkpoint -> checkpoints/ckpt.pkl
adim   95/150 | loss 2.9778 | lr 4.53e-04 | |g| 1.224 | 46.1s
adim  100/150 | loss 2.9104 | lr 4.01e-04 | |g| 1.236 | 21.1s
         val loss 2.9850
         checkpoint -> checkpoints/ckpt.pkl
adim  105/150 | loss 2.9143 | lr 3.51e-04 | |g| 1.360 | 67.1s
adim  110/150 | loss 2.7976 | lr 3.03e-04 | |g| 1.452 | 22.9s
         checkpoint -> checkpoints/ckpt.pkl
adim  115/150 | loss 2.8942 | lr 2.60e-04 | |g| 1.177 | 45.3s
adim  120/150 | loss 2.8582 | lr 2.20e-04 | |g| 1.162 | 23.6s
         checkpoint -> checkpoints/ckpt.pkl
adim  125/150 | loss 2.7723 | lr 1.86e-04 | |g| 1.344 | 44.9s
         val loss 2.9229
adim  130/150 | loss 2.7958 | lr 1.57e-04 | |g| 1.208 | 45.3s
         checkpoint -> checkpoints/ckpt.pkl
adim  135/150 | loss 2.8432 | lr 1.33e-04 | |g| 1.136 | 46.2s
adim  140/150 | loss 2.8591 | lr 1.16e-04 | |g| 1.215 | 22.1s
         checkpoint -> checkpoints/ckpt.pkl
adim  145/150 | loss 2.8536 | lr 1.05e-04 | |g| 1.508 | 45.5s
adim  150/150 | loss 2.7527 | lr 1.00e-04 | |g| 1.271 | 22.9s
         val loss 2.8888
         checkpoint -> checkpoints/ckpt.pkl
tamamlandi: 150 adim, son val loss 2.8888, ckpt checkpoints/ckpt.pkl
